MAP
  DEBUG ON
  DEBUG 5
  CONFIG "MS_ERRORFILE" "/tmp/la.sqlite.log"
  NAME LA
#  EXTENT -78000.000 6448000.000 1116000.000 7940000.000 # World
  EXTENT -78000.000 6448000.000 1116000.000 7940000.000 # World

  IMAGETYPE png
  INCLUDE "../header"

  IMAGECOLOR 125 0 125
#  PROJECTION
#    "init=epsg:32633"
#  END
  WEB
    METADATA
      WFS_ENABLE_REQUEST "*"
      WMS_ENABLE_REQUEST "*"
    END
  END


  WEB
    IMAGEPATH "/tmp"
    IMAGEURL "/output/"
    METADATA
      INCLUDE "../metadata"
      "ows_title" "Landskapstyper"
      "ows_abstract" "Natur i Norge Landskap 2.2 (2019) publisert av Artsdatabanken."
      "ows_keywordlist" "Landskap"
      "wms_onlineresource"  "https://wms.artsdatabanken.no/?map=/maps/mapfiles/la.map&"
      "wms_srs" "EPSG:4326 EPSG:32633 EPSG:25829 EPSG:25830 EPSG:25831 EPSG:25832 EPSG:900913 EPSG:3857 EPSG:25833 EPSG:25834 EPSG:25835 EPSG:25836 EPSG:900913 EPSG:3006 EPSG:27391 EPSG:27392 EPSG:27393 EPSG:27394 EPSG:27395 EPSG:27396 EPSG:27397 EPSG:27398 EPSG:3034 EPSG:32636 EPSG:32635 EPSG:32634 EPSG:32631 EPSG:32632 EPSG:4258"
#      "wms_srs" "EPSG:32633"
    END
  END

  INCLUDE "../footer"

  INCLUDE "../layers/la.sqlite.all"
  INCLUDE "../layers/la.wcs.k"  
  INCLUDE "../layers/la.wcs.d"
 
END
